------------------------------------------------------------
Timing Analyzer Summary
------------------------------------------------------------

Type  : Slow 1100mV 85C Model Setup 'KEY[0]'
Slack : -8.871
TNS   : -1846.014

Type  : Slow 1100mV 85C Model Hold 'KEY[0]'
Slack : 0.380
TNS   : 0.000

Type  : Slow 1100mV 85C Model Minimum Pulse Width 'KEY[0]'
Slack : -2.174
TNS   : -1066.667

Type  : Slow 1100mV 0C Model Setup 'KEY[0]'
Slack : -8.822
TNS   : -1812.663

Type  : Slow 1100mV 0C Model Hold 'KEY[0]'
Slack : 0.377
TNS   : 0.000

Type  : Slow 1100mV 0C Model Minimum Pulse Width 'KEY[0]'
Slack : -2.174
TNS   : -1061.198

Type  : Fast 1100mV 85C Model Setup 'KEY[0]'
Slack : -4.942
TNS   : -917.985

Type  : Fast 1100mV 85C Model Hold 'KEY[0]'
Slack : 0.202
TNS   : 0.000

Type  : Fast 1100mV 85C Model Minimum Pulse Width 'KEY[0]'
Slack : -2.174
TNS   : -1037.004

Type  : Fast 1100mV 0C Model Setup 'KEY[0]'
Slack : -4.359
TNS   : -795.146

Type  : Fast 1100mV 0C Model Hold 'KEY[0]'
Slack : 0.192
TNS   : 0.000

Type  : Fast 1100mV 0C Model Minimum Pulse Width 'KEY[0]'
Slack : -2.174
TNS   : -1029.996

------------------------------------------------------------
